// Jest Snapshot v1, https://goo.gl/fbAQLP

exports[`Issues Table testing... IssueTable should include SNAPSHOT 1`] = `
<styled__TableTreeContainer
  aria-readonly={true}
  role="treegrid"
>
  <Headers>
    <CellWithColumnWidth
      columnIndex={0}
      key="0"
      width="200px"
    >
      Issue
    </CellWithColumnWidth>
    <CellWithColumnWidth
      columnIndex={1}
      key="1"
      width="200px"
    >
      Assignee
    </CellWithColumnWidth>
    <CellWithColumnWidth
      columnIndex={2}
      key="2"
      width="250px"
    >
      Labels
    </CellWithColumnWidth>
    <CellWithColumnWidth
      columnIndex={3}
      key="3"
      width="150px"
    >
      Priority
    </CellWithColumnWidth>
  </Headers>
  <Rows
    items={
      Array [
        Object {
          "content": Object {
            "assignee": 1,
            "id": 1572444816582,
            "issue": "1-st",
            "labelIds": Array [
              1,
            ],
            "priority": 2,
          },
          "id": 1572444816582,
        },
        Object {
          "content": Object {
            "assignee": 2,
            "id": 1572444816583,
            "issue": "2-nd",
            "labelIds": Array [
              2,
            ],
            "priority": 3,
          },
          "id": 1572444816583,
        },
        Object {
          "content": Object {
            "assignee": 1,
            "id": 1572444816584,
            "issue": "1-st copy",
            "labelIds": Array [
              1,
            ],
            "priority": 1,
          },
          "id": 1572444816584,
        },
        Object {
          "content": Object {
            "assignee": 4,
            "id": 1572444816585,
            "issue": "3-rd",
            "labelIds": Array [
              2,
              3,
            ],
            "priority": 1,
          },
          "id": 1572444816585,
        },
        Object {
          "content": Object {
            "assignee": 3,
            "id": 1572444816586,
            "issue": "1-st another copy",
            "labelIds": Array [
              1,
              3,
            ],
            "priority": 3,
          },
          "id": 1572444816586,
        },
        Object {
          "content": Object {
            "assignee": 4,
            "id": 1572444816587,
            "issue": "1-st",
            "labelIds": Array [
              1,
              3,
            ],
            "priority": 1,
          },
          "id": 1572444816587,
        },
        Object {
          "content": Object {
            "assignee": 2,
            "id": 1572444816588,
            "issue": "1-st",
            "labelIds": Array [
              1,
              3,
            ],
            "priority": 2,
          },
          "id": 1572444816588,
        },
      ]
    }
    render={[Function]}
  />
</styled__TableTreeContainer>
`;
